
 gcc -g p1final.c
/tmp/ccgU0mTW.o: In function `find_distance':
/home/runner/Test2Session2/p1final.c:14: undefined reference to `pow'
/home/runner/Test2Session2/p1final.c:14: undefined reference to `pow'
/home/runner/Test2Session2/p1final.c:14: undefined reference to `sqrt'
collect2: error: ld returned 1 exit status
 gcc -g p1final.c -lm
 ./a.out
enter the value of x1 and y1:
33
22
enter the value of x2 and y2:
1
2
the distance between two points is 37.735924 gdb a.out
GNU gdb (Ubuntu 8.1.1-0ubuntu1) 8.1.1
Copyright (C) 2018 Free Software Foundation, Inc.
License GPLv3+: GNU GPL version 3 or later <http://gnu.org/licenses/gpl.html>
This is free software: you are free to change and redistribute it.
There is NO WARRANTY, to the extent permitted by law.  Type "show copying"
and "show warranty" for details.
This GDB was configured as "x86_64-linux-gnu".
Type "show configuration" for configuration details.
For bug reporting instructions, please see:
<http://www.gnu.org/software/gdb/bugs/>.
Find the GDB manual and other documentation resources online at:
<http://www.gnu.org/software/gdb/documentation/>.
For help, type "help".
Type "apropos word" to search for commands related to "word"...
Reading symbols from a.out...done.
(gdb) b main
Breakpoint 1 at 0x93b: file p1final.c, line 25.
(gdb) r
Starting program: /home/runner/Test2Session2/a.out 
warning: Error disabling address space randomization: Operation not permitted

Breakpoint 1, main () at p1final.c:25
25  {
(gdb) n
27    input(&x1,&y1,&x2,&y2);
(gdb) n
enter the value of x1 and y1:
33
22
enter the value of x2 and y2:
1
2
28    find_distance(x1,y1,x2,y2,&dist);
(gdb) n
29    output(x1,y1,x2,y2,dist);
(gdb) n
30  }(gdb) c
Continuing.
the distance between two points is 37.735924[Inferior 1 (process 1720) exited normally]
(gdb) Quit